============================= test session starts =============================
platform win32 -- Python 3.14.0, pytest-9.0.2, pluggy-1.6.0
rootdir: C:\Users\sagar\Downloads\mock-interview\backend
plugins: anyio-4.12.0, cov-7.0.0, mock-3.15.1
collected 1 item

test_uploded.py F                                                        [100%]

================================== FAILURES ===================================
__________________________ test_full_interview_flow ___________________________

mock_email = <MagicMock name='send_interview_email' id='1961875255856'>

    @patch("uploded.send_interview_email", return_value=True)
    def test_full_interview_flow(mock_email):
        # Create Session
        res_s = client.post("/admin/create-session", json={
            "candidate_name": "Flow Candidate",
            "candidate_email": "flow@test.com",
            "resume_text": "I know Python and Java",
            "job_description": "Python Developer needed",
            "admin_id": "admin_test",
            "interview_duration": 30
        })
    
        link_id = res_s.json()["link_id"]
    
        # Start Session
        res_start = client.post("/start-session-interview", data={"link_id": link_id})
        assert res_start.status_code == 200
        interview_id = res_start.json()["interview_id"]
>       assert len(res_start.json()["questions"]) > 0
                   ^^^^^^^^^^^^^^^^^^^^^^^^^^^^^
E       KeyError: 'questions'

test_uploded.py:187: KeyError
---------------------------- Captured stdout call -----------------------------
Generating personalized resume-specific questions...\nGenerated 10 questions for the interview\n\u2705 AI generated 4 technical questions\n\U0001f4cb Offline generator added 7 questions\n\U0001f4dd Total questions assembled: 15 (Opening: 1, Middle: 11, Closing: 3)
============================== warnings summary ===============================
..\..\..\AppData\Local\Programs\Python\Python314\Lib\site-packages\bson\__init__.py:116
  C:\Users\sagar\AppData\Local\Programs\Python\Python314\Lib\site-packages\bson\__init__.py:116: DeprecationWarning: datetime.datetime.utcfromtimestamp() is deprecated and scheduled for removal in a future version. Use timezone-aware objects to represent datetimes in UTC: datetime.datetime.fromtimestamp(timestamp, datetime.UTC).
    EPOCH_NAIVE = datetime.datetime.utcfromtimestamp(0)

..\..\..\AppData\Local\Programs\Python\Python314\Lib\site-packages\PyPDF2\__init__.py:21
  C:\Users\sagar\AppData\Local\Programs\Python\Python314\Lib\site-packages\PyPDF2\__init__.py:21: DeprecationWarning: PyPDF2 is deprecated. Please move to the pypdf library instead.
    warnings.warn(

uploded.py:1676
  C:\Users\sagar\Downloads\mock-interview\backend\uploded.py:1676: DeprecationWarning: 
          on_event is deprecated, use lifespan event handlers instead.
  
          Read more about it in the
          [FastAPI docs for Lifespan Events](https://fastapi.tiangolo.com/advanced/events/).
          
    @app.on_event("startup")

..\..\..\AppData\Local\Programs\Python\Python314\Lib\site-packages\fastapi\applications.py:4576
  C:\Users\sagar\AppData\Local\Programs\Python\Python314\Lib\site-packages\fastapi\applications.py:4576: DeprecationWarning: 
          on_event is deprecated, use lifespan event handlers instead.
  
          Read more about it in the
          [FastAPI docs for Lifespan Events](https://fastapi.tiangolo.com/advanced/events/).
          
    return self.router.on_event(event_type)

-- Docs: https://docs.pytest.org/en/stable/how-to/capture-warnings.html
=========================== short test summary info ===========================
FAILED test_uploded.py::test_full_interview_flow - KeyError: 'questions'
======================== 1 failed, 4 warnings in 5.42s ========================
